Archive member included because of file (symbol)

/home/samee/pebble-dev/PebbleSDK-2.0-BETA4/Pebble/lib/libpebble.a(tmp9Q2g01pebble.o)
                              src/date-time.c.13.o (app_event_loop)

Allocating common symbols
Common symbol       size              file

timer               0x4               src/date-time.c.13.o
battery_layer       0x4               src/date-time.c.13.o
connection_layer    0x4               src/date-time.c.13.o
text_time_layer     0x4               src/date-time.c.13.o
bar_layer           0x4               src/date-time.c.13.o
text_date_layer     0x4               src/date-time.c.13.o
window              0x4               src/date-time.c.13.o
line_layer          0x4               src/date-time.c.13.o

Discarded input sections

 .text          0x0000000000000000        0x0 /home/samee/pebble-dev/PebbleSDK-2.0-BETA4/arm-cs-tools/bin/../lib/gcc/arm-none-eabi/4.7.2/thumb2/crti.o
 .bss           0x0000000000000000        0x0 /home/samee/pebble-dev/PebbleSDK-2.0-BETA4/arm-cs-tools/bin/../lib/gcc/arm-none-eabi/4.7.2/thumb2/crti.o
 .init          0x0000000000000000        0x4 /home/samee/pebble-dev/PebbleSDK-2.0-BETA4/arm-cs-tools/bin/../lib/gcc/arm-none-eabi/4.7.2/thumb2/crti.o
 .fini          0x0000000000000000        0x4 /home/samee/pebble-dev/PebbleSDK-2.0-BETA4/arm-cs-tools/bin/../lib/gcc/arm-none-eabi/4.7.2/thumb2/crti.o
 .text          0x0000000000000000       0xc8 /home/samee/pebble-dev/PebbleSDK-2.0-BETA4/arm-cs-tools/bin/../lib/gcc/arm-none-eabi/4.7.2/thumb2/crtbegin.o
 .bss           0x0000000000000000       0x1c /home/samee/pebble-dev/PebbleSDK-2.0-BETA4/arm-cs-tools/bin/../lib/gcc/arm-none-eabi/4.7.2/thumb2/crtbegin.o
 .init_array    0x0000000000000000        0x4 /home/samee/pebble-dev/PebbleSDK-2.0-BETA4/arm-cs-tools/bin/../lib/gcc/arm-none-eabi/4.7.2/thumb2/crtbegin.o
 .fini_array    0x0000000000000000        0x4 /home/samee/pebble-dev/PebbleSDK-2.0-BETA4/arm-cs-tools/bin/../lib/gcc/arm-none-eabi/4.7.2/thumb2/crtbegin.o
 .eh_frame      0x0000000000000000        0x0 /home/samee/pebble-dev/PebbleSDK-2.0-BETA4/arm-cs-tools/bin/../lib/gcc/arm-none-eabi/4.7.2/thumb2/crtbegin.o
 .jcr           0x0000000000000000        0x0 /home/samee/pebble-dev/PebbleSDK-2.0-BETA4/arm-cs-tools/bin/../lib/gcc/arm-none-eabi/4.7.2/thumb2/crtbegin.o
 .tm_clone_table
                0x0000000000000000        0x0 /home/samee/pebble-dev/PebbleSDK-2.0-BETA4/arm-cs-tools/bin/../lib/gcc/arm-none-eabi/4.7.2/thumb2/crtbegin.o
 .text          0x0000000000000000        0x0 src/date-time.c.13.o
 .bss           0x0000000000000000        0x0 src/date-time.c.13.o
 .text.line_layer_update_callback
                0x0000000000000000       0x28 src/date-time.c.13.o
 .text          0x0000000000000000        0x0 appinfo.auto.c.13.o
 .bss           0x0000000000000000        0x0 appinfo.auto.c.13.o
 .bss           0x0000000000000000        0x0 /home/samee/pebble-dev/PebbleSDK-2.0-BETA4/Pebble/lib/libpebble.a(tmp9Q2g01pebble.o)
 .text.accel_data_service_subscribe__deprecated
                0x0000000000000000        0xc /home/samee/pebble-dev/PebbleSDK-2.0-BETA4/Pebble/lib/libpebble.a(tmp9Q2g01pebble.o)
 .text.accel_data_service_unsubscribe
                0x0000000000000000        0xc /home/samee/pebble-dev/PebbleSDK-2.0-BETA4/Pebble/lib/libpebble.a(tmp9Q2g01pebble.o)
 .text.accel_service_peek
                0x0000000000000000        0xc /home/samee/pebble-dev/PebbleSDK-2.0-BETA4/Pebble/lib/libpebble.a(tmp9Q2g01pebble.o)
 .text.accel_service_set_samples_per_update
                0x0000000000000000        0xc /home/samee/pebble-dev/PebbleSDK-2.0-BETA4/Pebble/lib/libpebble.a(tmp9Q2g01pebble.o)
 .text.accel_service_set_sampling_rate
                0x0000000000000000        0xc /home/samee/pebble-dev/PebbleSDK-2.0-BETA4/Pebble/lib/libpebble.a(tmp9Q2g01pebble.o)
 .text.accel_tap_service_subscribe
                0x0000000000000000        0xc /home/samee/pebble-dev/PebbleSDK-2.0-BETA4/Pebble/lib/libpebble.a(tmp9Q2g01pebble.o)
 .text.accel_tap_service_unsubscribe
                0x0000000000000000        0xc /home/samee/pebble-dev/PebbleSDK-2.0-BETA4/Pebble/lib/libpebble.a(tmp9Q2g01pebble.o)
 .text.action_bar_layer_add_to_window
                0x0000000000000000        0xc /home/samee/pebble-dev/PebbleSDK-2.0-BETA4/Pebble/lib/libpebble.a(tmp9Q2g01pebble.o)
 .text.action_bar_layer_clear_icon
                0x0000000000000000        0xc /home/samee/pebble-dev/PebbleSDK-2.0-BETA4/Pebble/lib/libpebble.a(tmp9Q2g01pebble.o)
 .text.action_bar_layer_create
                0x0000000000000000        0xc /home/samee/pebble-dev/PebbleSDK-2.0-BETA4/Pebble/lib/libpebble.a(tmp9Q2g01pebble.o)
 .text.action_bar_layer_destroy
                0x0000000000000000        0xc /home/samee/pebble-dev/PebbleSDK-2.0-BETA4/Pebble/lib/libpebble.a(tmp9Q2g01pebble.o)
 .text.action_bar_layer_get_layer
                0x0000000000000000        0xc /home/samee/pebble-dev/PebbleSDK-2.0-BETA4/Pebble/lib/libpebble.a(tmp9Q2g01pebble.o)
 .text.action_bar_layer_remove_from_window
                0x0000000000000000        0xc /home/samee/pebble-dev/PebbleSDK-2.0-BETA4/Pebble/lib/libpebble.a(tmp9Q2g01pebble.o)
 .text.action_bar_layer_set_background_color
                0x0000000000000000        0xc /home/samee/pebble-dev/PebbleSDK-2.0-BETA4/Pebble/lib/libpebble.a(tmp9Q2g01pebble.o)
 .text.action_bar_layer_set_click_config_provider
                0x0000000000000000        0xc /home/samee/pebble-dev/PebbleSDK-2.0-BETA4/Pebble/lib/libpebble.a(tmp9Q2g01pebble.o)
 .text.action_bar_layer_set_context
                0x0000000000000000        0xc /home/samee/pebble-dev/PebbleSDK-2.0-BETA4/Pebble/lib/libpebble.a(tmp9Q2g01pebble.o)
 .text.action_bar_layer_set_icon
                0x0000000000000000        0xc /home/samee/pebble-dev/PebbleSDK-2.0-BETA4/Pebble/lib/libpebble.a(tmp9Q2g01pebble.o)
 .text.animation_create
                0x0000000000000000        0xc /home/samee/pebble-dev/PebbleSDK-2.0-BETA4/Pebble/lib/libpebble.a(tmp9Q2g01pebble.o)
 .text.animation_destroy
                0x0000000000000000        0xc /home/samee/pebble-dev/PebbleSDK-2.0-BETA4/Pebble/lib/libpebble.a(tmp9Q2g01pebble.o)
 .text.animation_get_context
                0x0000000000000000        0xc /home/samee/pebble-dev/PebbleSDK-2.0-BETA4/Pebble/lib/libpebble.a(tmp9Q2g01pebble.o)
 .text.animation_is_scheduled
                0x0000000000000000        0xc /home/samee/pebble-dev/PebbleSDK-2.0-BETA4/Pebble/lib/libpebble.a(tmp9Q2g01pebble.o)
 .text.animation_schedule
                0x0000000000000000        0xc /home/samee/pebble-dev/PebbleSDK-2.0-BETA4/Pebble/lib/libpebble.a(tmp9Q2g01pebble.o)
 .text.animation_set_curve
                0x0000000000000000        0xc /home/samee/pebble-dev/PebbleSDK-2.0-BETA4/Pebble/lib/libpebble.a(tmp9Q2g01pebble.o)
 .text.animation_set_delay
                0x0000000000000000        0xc /home/samee/pebble-dev/PebbleSDK-2.0-BETA4/Pebble/lib/libpebble.a(tmp9Q2g01pebble.o)
 .text.animation_set_duration
                0x0000000000000000        0xc /home/samee/pebble-dev/PebbleSDK-2.0-BETA4/Pebble/lib/libpebble.a(tmp9Q2g01pebble.o)
 .text.animation_set_handlers
                0x0000000000000000        0xc /home/samee/pebble-dev/PebbleSDK-2.0-BETA4/Pebble/lib/libpebble.a(tmp9Q2g01pebble.o)
 .text.animation_set_implementation
                0x0000000000000000        0xc /home/samee/pebble-dev/PebbleSDK-2.0-BETA4/Pebble/lib/libpebble.a(tmp9Q2g01pebble.o)
 .text.animation_unschedule
                0x0000000000000000        0xc /home/samee/pebble-dev/PebbleSDK-2.0-BETA4/Pebble/lib/libpebble.a(tmp9Q2g01pebble.o)
 .text.animation_unschedule_all
                0x0000000000000000        0xc /home/samee/pebble-dev/PebbleSDK-2.0-BETA4/Pebble/lib/libpebble.a(tmp9Q2g01pebble.o)
 .text.app_comm_get_sniff_interval
                0x0000000000000000        0xc /home/samee/pebble-dev/PebbleSDK-2.0-BETA4/Pebble/lib/libpebble.a(tmp9Q2g01pebble.o)
 .text.app_comm_set_sniff_interval
                0x0000000000000000        0xc /home/samee/pebble-dev/PebbleSDK-2.0-BETA4/Pebble/lib/libpebble.a(tmp9Q2g01pebble.o)
 .text.app_log  0x0000000000000000        0xc /home/samee/pebble-dev/PebbleSDK-2.0-BETA4/Pebble/lib/libpebble.a(tmp9Q2g01pebble.o)
 .text.app_message_deregister_callbacks
                0x0000000000000000        0xc /home/samee/pebble-dev/PebbleSDK-2.0-BETA4/Pebble/lib/libpebble.a(tmp9Q2g01pebble.o)
 .text.app_sync_deinit
                0x0000000000000000        0xc /home/samee/pebble-dev/PebbleSDK-2.0-BETA4/Pebble/lib/libpebble.a(tmp9Q2g01pebble.o)
 .text.app_sync_get
                0x0000000000000000        0xc /home/samee/pebble-dev/PebbleSDK-2.0-BETA4/Pebble/lib/libpebble.a(tmp9Q2g01pebble.o)
 .text.app_sync_init
                0x0000000000000000        0xc /home/samee/pebble-dev/PebbleSDK-2.0-BETA4/Pebble/lib/libpebble.a(tmp9Q2g01pebble.o)
 .text.app_sync_set
                0x0000000000000000        0xc /home/samee/pebble-dev/PebbleSDK-2.0-BETA4/Pebble/lib/libpebble.a(tmp9Q2g01pebble.o)
 .text.app_timer_cancel
                0x0000000000000000        0xc /home/samee/pebble-dev/PebbleSDK-2.0-BETA4/Pebble/lib/libpebble.a(tmp9Q2g01pebble.o)
 .text.app_timer_reschedule
                0x0000000000000000        0xc /home/samee/pebble-dev/PebbleSDK-2.0-BETA4/Pebble/lib/libpebble.a(tmp9Q2g01pebble.o)
 .text.atan2_lookup
                0x0000000000000000        0xc /home/samee/pebble-dev/PebbleSDK-2.0-BETA4/Pebble/lib/libpebble.a(tmp9Q2g01pebble.o)
 .text.atoi     0x0000000000000000        0xc /home/samee/pebble-dev/PebbleSDK-2.0-BETA4/Pebble/lib/libpebble.a(tmp9Q2g01pebble.o)
 .text.atol     0x0000000000000000        0xc /home/samee/pebble-dev/PebbleSDK-2.0-BETA4/Pebble/lib/libpebble.a(tmp9Q2g01pebble.o)
 .text.bitmap_layer_create
                0x0000000000000000        0xc /home/samee/pebble-dev/PebbleSDK-2.0-BETA4/Pebble/lib/libpebble.a(tmp9Q2g01pebble.o)
 .text.bitmap_layer_destroy
                0x0000000000000000        0xc /home/samee/pebble-dev/PebbleSDK-2.0-BETA4/Pebble/lib/libpebble.a(tmp9Q2g01pebble.o)
 .text.bitmap_layer_get_layer
                0x0000000000000000        0xc /home/samee/pebble-dev/PebbleSDK-2.0-BETA4/Pebble/lib/libpebble.a(tmp9Q2g01pebble.o)
 .text.bitmap_layer_set_alignment
                0x0000000000000000        0xc /home/samee/pebble-dev/PebbleSDK-2.0-BETA4/Pebble/lib/libpebble.a(tmp9Q2g01pebble.o)
 .text.bitmap_layer_set_background_color
                0x0000000000000000        0xc /home/samee/pebble-dev/PebbleSDK-2.0-BETA4/Pebble/lib/libpebble.a(tmp9Q2g01pebble.o)
 .text.bitmap_layer_set_bitmap
                0x0000000000000000        0xc /home/samee/pebble-dev/PebbleSDK-2.0-BETA4/Pebble/lib/libpebble.a(tmp9Q2g01pebble.o)
 .text.bitmap_layer_set_compositing_mode
                0x0000000000000000        0xc /home/samee/pebble-dev/PebbleSDK-2.0-BETA4/Pebble/lib/libpebble.a(tmp9Q2g01pebble.o)
 .text.click_number_of_clicks_counted
                0x0000000000000000        0xc /home/samee/pebble-dev/PebbleSDK-2.0-BETA4/Pebble/lib/libpebble.a(tmp9Q2g01pebble.o)
 .text.click_recognizer_get_button_id
                0x0000000000000000        0xc /home/samee/pebble-dev/PebbleSDK-2.0-BETA4/Pebble/lib/libpebble.a(tmp9Q2g01pebble.o)
 .text.clock_copy_time_string
                0x0000000000000000        0xc /home/samee/pebble-dev/PebbleSDK-2.0-BETA4/Pebble/lib/libpebble.a(tmp9Q2g01pebble.o)
 .text.cos_lookup
                0x0000000000000000        0xc /home/samee/pebble-dev/PebbleSDK-2.0-BETA4/Pebble/lib/libpebble.a(tmp9Q2g01pebble.o)
 .text.data_logging_create
                0x0000000000000000        0xc /home/samee/pebble-dev/PebbleSDK-2.0-BETA4/Pebble/lib/libpebble.a(tmp9Q2g01pebble.o)
 .text.data_logging_finish
                0x0000000000000000        0xc /home/samee/pebble-dev/PebbleSDK-2.0-BETA4/Pebble/lib/libpebble.a(tmp9Q2g01pebble.o)
 .text.data_logging_log
                0x0000000000000000        0xc /home/samee/pebble-dev/PebbleSDK-2.0-BETA4/Pebble/lib/libpebble.a(tmp9Q2g01pebble.o)
 .text.dict_calc_buffer_size
                0x0000000000000000        0xc /home/samee/pebble-dev/PebbleSDK-2.0-BETA4/Pebble/lib/libpebble.a(tmp9Q2g01pebble.o)
 .text.dict_calc_buffer_size_from_tuplets
                0x0000000000000000        0xc /home/samee/pebble-dev/PebbleSDK-2.0-BETA4/Pebble/lib/libpebble.a(tmp9Q2g01pebble.o)
 .text.dict_find
                0x0000000000000000        0xc /home/samee/pebble-dev/PebbleSDK-2.0-BETA4/Pebble/lib/libpebble.a(tmp9Q2g01pebble.o)
 .text.dict_merge
                0x0000000000000000        0xc /home/samee/pebble-dev/PebbleSDK-2.0-BETA4/Pebble/lib/libpebble.a(tmp9Q2g01pebble.o)
 .text.dict_read_begin_from_buffer
                0x0000000000000000        0xc /home/samee/pebble-dev/PebbleSDK-2.0-BETA4/Pebble/lib/libpebble.a(tmp9Q2g01pebble.o)
 .text.dict_read_first
                0x0000000000000000        0xc /home/samee/pebble-dev/PebbleSDK-2.0-BETA4/Pebble/lib/libpebble.a(tmp9Q2g01pebble.o)
 .text.dict_read_next
                0x0000000000000000        0xc /home/samee/pebble-dev/PebbleSDK-2.0-BETA4/Pebble/lib/libpebble.a(tmp9Q2g01pebble.o)
 .text.dict_serialize_tuplets
                0x0000000000000000        0xc /home/samee/pebble-dev/PebbleSDK-2.0-BETA4/Pebble/lib/libpebble.a(tmp9Q2g01pebble.o)
 .text.dict_serialize_tuplets_to_buffer__deprecated
                0x0000000000000000        0xc /home/samee/pebble-dev/PebbleSDK-2.0-BETA4/Pebble/lib/libpebble.a(tmp9Q2g01pebble.o)
 .text.dict_serialize_tuplets_to_buffer_with_iter
                0x0000000000000000        0xc /home/samee/pebble-dev/PebbleSDK-2.0-BETA4/Pebble/lib/libpebble.a(tmp9Q2g01pebble.o)
 .text.dict_write_begin
                0x0000000000000000        0xc /home/samee/pebble-dev/PebbleSDK-2.0-BETA4/Pebble/lib/libpebble.a(tmp9Q2g01pebble.o)
 .text.dict_write_cstring
                0x0000000000000000        0xc /home/samee/pebble-dev/PebbleSDK-2.0-BETA4/Pebble/lib/libpebble.a(tmp9Q2g01pebble.o)
 .text.dict_write_data
                0x0000000000000000        0xc /home/samee/pebble-dev/PebbleSDK-2.0-BETA4/Pebble/lib/libpebble.a(tmp9Q2g01pebble.o)
 .text.dict_write_end
                0x0000000000000000        0xc /home/samee/pebble-dev/PebbleSDK-2.0-BETA4/Pebble/lib/libpebble.a(tmp9Q2g01pebble.o)
 .text.dict_write_int
                0x0000000000000000        0xc /home/samee/pebble-dev/PebbleSDK-2.0-BETA4/Pebble/lib/libpebble.a(tmp9Q2g01pebble.o)
 .text.dict_write_int16
                0x0000000000000000        0xc /home/samee/pebble-dev/PebbleSDK-2.0-BETA4/Pebble/lib/libpebble.a(tmp9Q2g01pebble.o)
 .text.dict_write_int32
                0x0000000000000000        0xc /home/samee/pebble-dev/PebbleSDK-2.0-BETA4/Pebble/lib/libpebble.a(tmp9Q2g01pebble.o)
 .text.dict_write_int8
                0x0000000000000000        0xc /home/samee/pebble-dev/PebbleSDK-2.0-BETA4/Pebble/lib/libpebble.a(tmp9Q2g01pebble.o)
 .text.dict_write_tuplet
                0x0000000000000000        0xc /home/samee/pebble-dev/PebbleSDK-2.0-BETA4/Pebble/lib/libpebble.a(tmp9Q2g01pebble.o)
 .text.dict_write_uint16
                0x0000000000000000        0xc /home/samee/pebble-dev/PebbleSDK-2.0-BETA4/Pebble/lib/libpebble.a(tmp9Q2g01pebble.o)
 .text.dict_write_uint32
                0x0000000000000000        0xc /home/samee/pebble-dev/PebbleSDK-2.0-BETA4/Pebble/lib/libpebble.a(tmp9Q2g01pebble.o)
 .text.dict_write_uint8
                0x0000000000000000        0xc /home/samee/pebble-dev/PebbleSDK-2.0-BETA4/Pebble/lib/libpebble.a(tmp9Q2g01pebble.o)
 .text.fonts_get_system_font
                0x0000000000000000        0xc /home/samee/pebble-dev/PebbleSDK-2.0-BETA4/Pebble/lib/libpebble.a(tmp9Q2g01pebble.o)
 .text.fonts_unload_custom_font
                0x0000000000000000        0xc /home/samee/pebble-dev/PebbleSDK-2.0-BETA4/Pebble/lib/libpebble.a(tmp9Q2g01pebble.o)
 .text.free     0x0000000000000000        0xc /home/samee/pebble-dev/PebbleSDK-2.0-BETA4/Pebble/lib/libpebble.a(tmp9Q2g01pebble.o)
 .text.gbitmap_create_as_sub_bitmap
                0x0000000000000000        0xc /home/samee/pebble-dev/PebbleSDK-2.0-BETA4/Pebble/lib/libpebble.a(tmp9Q2g01pebble.o)
 .text.gbitmap_create_with_data
                0x0000000000000000        0xc /home/samee/pebble-dev/PebbleSDK-2.0-BETA4/Pebble/lib/libpebble.a(tmp9Q2g01pebble.o)
 .text.gbitmap_create_with_resource
                0x0000000000000000        0xc /home/samee/pebble-dev/PebbleSDK-2.0-BETA4/Pebble/lib/libpebble.a(tmp9Q2g01pebble.o)
 .text.gbitmap_destroy
                0x0000000000000000        0xc /home/samee/pebble-dev/PebbleSDK-2.0-BETA4/Pebble/lib/libpebble.a(tmp9Q2g01pebble.o)
 .text.gmtime   0x0000000000000000        0xc /home/samee/pebble-dev/PebbleSDK-2.0-BETA4/Pebble/lib/libpebble.a(tmp9Q2g01pebble.o)
 .text.gpath_create
                0x0000000000000000        0xc /home/samee/pebble-dev/PebbleSDK-2.0-BETA4/Pebble/lib/libpebble.a(tmp9Q2g01pebble.o)
 .text.gpath_destroy
                0x0000000000000000        0xc /home/samee/pebble-dev/PebbleSDK-2.0-BETA4/Pebble/lib/libpebble.a(tmp9Q2g01pebble.o)
 .text.gpath_draw_filled
                0x0000000000000000        0xc /home/samee/pebble-dev/PebbleSDK-2.0-BETA4/Pebble/lib/libpebble.a(tmp9Q2g01pebble.o)
 .text.gpath_draw_outline
                0x0000000000000000        0xc /home/samee/pebble-dev/PebbleSDK-2.0-BETA4/Pebble/lib/libpebble.a(tmp9Q2g01pebble.o)
 .text.gpath_move_to
                0x0000000000000000        0xc /home/samee/pebble-dev/PebbleSDK-2.0-BETA4/Pebble/lib/libpebble.a(tmp9Q2g01pebble.o)
 .text.gpath_rotate_to
                0x0000000000000000        0xc /home/samee/pebble-dev/PebbleSDK-2.0-BETA4/Pebble/lib/libpebble.a(tmp9Q2g01pebble.o)
 .text.gpoint_equal
                0x0000000000000000        0xc /home/samee/pebble-dev/PebbleSDK-2.0-BETA4/Pebble/lib/libpebble.a(tmp9Q2g01pebble.o)
 .text.graphics_context_set_compositing_mode
                0x0000000000000000        0xc /home/samee/pebble-dev/PebbleSDK-2.0-BETA4/Pebble/lib/libpebble.a(tmp9Q2g01pebble.o)
 .text.graphics_context_set_fill_color
                0x0000000000000000        0xc /home/samee/pebble-dev/PebbleSDK-2.0-BETA4/Pebble/lib/libpebble.a(tmp9Q2g01pebble.o)
 .text.graphics_context_set_stroke_color
                0x0000000000000000        0xc /home/samee/pebble-dev/PebbleSDK-2.0-BETA4/Pebble/lib/libpebble.a(tmp9Q2g01pebble.o)
 .text.graphics_context_set_text_color
                0x0000000000000000        0xc /home/samee/pebble-dev/PebbleSDK-2.0-BETA4/Pebble/lib/libpebble.a(tmp9Q2g01pebble.o)
 .text.graphics_draw_bitmap_in_rect
                0x0000000000000000        0xc /home/samee/pebble-dev/PebbleSDK-2.0-BETA4/Pebble/lib/libpebble.a(tmp9Q2g01pebble.o)
 .text.graphics_draw_circle
                0x0000000000000000        0xc /home/samee/pebble-dev/PebbleSDK-2.0-BETA4/Pebble/lib/libpebble.a(tmp9Q2g01pebble.o)
 .text.graphics_draw_line
                0x0000000000000000        0xc /home/samee/pebble-dev/PebbleSDK-2.0-BETA4/Pebble/lib/libpebble.a(tmp9Q2g01pebble.o)
 .text.graphics_draw_pixel
                0x0000000000000000        0xc /home/samee/pebble-dev/PebbleSDK-2.0-BETA4/Pebble/lib/libpebble.a(tmp9Q2g01pebble.o)
 .text.graphics_draw_rect
                0x0000000000000000        0xc /home/samee/pebble-dev/PebbleSDK-2.0-BETA4/Pebble/lib/libpebble.a(tmp9Q2g01pebble.o)
 .text.graphics_draw_round_rect
                0x0000000000000000        0xc /home/samee/pebble-dev/PebbleSDK-2.0-BETA4/Pebble/lib/libpebble.a(tmp9Q2g01pebble.o)
 .text.graphics_fill_circle
                0x0000000000000000        0xc /home/samee/pebble-dev/PebbleSDK-2.0-BETA4/Pebble/lib/libpebble.a(tmp9Q2g01pebble.o)
 .text.graphics_fill_rect
                0x0000000000000000        0xc /home/samee/pebble-dev/PebbleSDK-2.0-BETA4/Pebble/lib/libpebble.a(tmp9Q2g01pebble.o)
 .text.graphics_text_layout_get_max_used_size
                0x0000000000000000        0xc /home/samee/pebble-dev/PebbleSDK-2.0-BETA4/Pebble/lib/libpebble.a(tmp9Q2g01pebble.o)
 .text.grect_align
                0x0000000000000000        0xc /home/samee/pebble-dev/PebbleSDK-2.0-BETA4/Pebble/lib/libpebble.a(tmp9Q2g01pebble.o)
 .text.grect_center_point
                0x0000000000000000        0xc /home/samee/pebble-dev/PebbleSDK-2.0-BETA4/Pebble/lib/libpebble.a(tmp9Q2g01pebble.o)
 .text.grect_clip
                0x0000000000000000        0xc /home/samee/pebble-dev/PebbleSDK-2.0-BETA4/Pebble/lib/libpebble.a(tmp9Q2g01pebble.o)
 .text.grect_contains_point
                0x0000000000000000        0xc /home/samee/pebble-dev/PebbleSDK-2.0-BETA4/Pebble/lib/libpebble.a(tmp9Q2g01pebble.o)
 .text.grect_crop
                0x0000000000000000        0xc /home/samee/pebble-dev/PebbleSDK-2.0-BETA4/Pebble/lib/libpebble.a(tmp9Q2g01pebble.o)
 .text.grect_equal
                0x0000000000000000        0xc /home/samee/pebble-dev/PebbleSDK-2.0-BETA4/Pebble/lib/libpebble.a(tmp9Q2g01pebble.o)
 .text.grect_is_empty
                0x0000000000000000        0xc /home/samee/pebble-dev/PebbleSDK-2.0-BETA4/Pebble/lib/libpebble.a(tmp9Q2g01pebble.o)
 .text.grect_standardize
                0x0000000000000000        0xc /home/samee/pebble-dev/PebbleSDK-2.0-BETA4/Pebble/lib/libpebble.a(tmp9Q2g01pebble.o)
 .text.gsize_equal
                0x0000000000000000        0xc /home/samee/pebble-dev/PebbleSDK-2.0-BETA4/Pebble/lib/libpebble.a(tmp9Q2g01pebble.o)
 .text.inverter_layer_create
                0x0000000000000000        0xc /home/samee/pebble-dev/PebbleSDK-2.0-BETA4/Pebble/lib/libpebble.a(tmp9Q2g01pebble.o)
 .text.inverter_layer_destroy
                0x0000000000000000        0xc /home/samee/pebble-dev/PebbleSDK-2.0-BETA4/Pebble/lib/libpebble.a(tmp9Q2g01pebble.o)
 .text.inverter_layer_get_layer
                0x0000000000000000        0xc /home/samee/pebble-dev/PebbleSDK-2.0-BETA4/Pebble/lib/libpebble.a(tmp9Q2g01pebble.o)
 .text.layer_create
                0x0000000000000000        0xc /home/samee/pebble-dev/PebbleSDK-2.0-BETA4/Pebble/lib/libpebble.a(tmp9Q2g01pebble.o)
 .text.layer_create_with_data
                0x0000000000000000        0xc /home/samee/pebble-dev/PebbleSDK-2.0-BETA4/Pebble/lib/libpebble.a(tmp9Q2g01pebble.o)
 .text.layer_destroy
                0x0000000000000000        0xc /home/samee/pebble-dev/PebbleSDK-2.0-BETA4/Pebble/lib/libpebble.a(tmp9Q2g01pebble.o)
 .text.layer_get_bounds
                0x0000000000000000        0xc /home/samee/pebble-dev/PebbleSDK-2.0-BETA4/Pebble/lib/libpebble.a(tmp9Q2g01pebble.o)
 .text.layer_get_clips
                0x0000000000000000        0xc /home/samee/pebble-dev/PebbleSDK-2.0-BETA4/Pebble/lib/libpebble.a(tmp9Q2g01pebble.o)
 .text.layer_get_data
                0x0000000000000000        0xc /home/samee/pebble-dev/PebbleSDK-2.0-BETA4/Pebble/lib/libpebble.a(tmp9Q2g01pebble.o)
 .text.layer_get_frame
                0x0000000000000000        0xc /home/samee/pebble-dev/PebbleSDK-2.0-BETA4/Pebble/lib/libpebble.a(tmp9Q2g01pebble.o)
 .text.layer_get_hidden
                0x0000000000000000        0xc /home/samee/pebble-dev/PebbleSDK-2.0-BETA4/Pebble/lib/libpebble.a(tmp9Q2g01pebble.o)
 .text.layer_get_window
                0x0000000000000000        0xc /home/samee/pebble-dev/PebbleSDK-2.0-BETA4/Pebble/lib/libpebble.a(tmp9Q2g01pebble.o)
 .text.layer_insert_above_sibling
                0x0000000000000000        0xc /home/samee/pebble-dev/PebbleSDK-2.0-BETA4/Pebble/lib/libpebble.a(tmp9Q2g01pebble.o)
 .text.layer_insert_below_sibling
                0x0000000000000000        0xc /home/samee/pebble-dev/PebbleSDK-2.0-BETA4/Pebble/lib/libpebble.a(tmp9Q2g01pebble.o)
 .text.layer_mark_dirty
                0x0000000000000000        0xc /home/samee/pebble-dev/PebbleSDK-2.0-BETA4/Pebble/lib/libpebble.a(tmp9Q2g01pebble.o)
 .text.layer_remove_child_layers
                0x0000000000000000        0xc /home/samee/pebble-dev/PebbleSDK-2.0-BETA4/Pebble/lib/libpebble.a(tmp9Q2g01pebble.o)
 .text.layer_remove_from_parent
                0x0000000000000000        0xc /home/samee/pebble-dev/PebbleSDK-2.0-BETA4/Pebble/lib/libpebble.a(tmp9Q2g01pebble.o)
 .text.layer_set_bounds
                0x0000000000000000        0xc /home/samee/pebble-dev/PebbleSDK-2.0-BETA4/Pebble/lib/libpebble.a(tmp9Q2g01pebble.o)
 .text.layer_set_clips
                0x0000000000000000        0xc /home/samee/pebble-dev/PebbleSDK-2.0-BETA4/Pebble/lib/libpebble.a(tmp9Q2g01pebble.o)
 .text.layer_set_frame
                0x0000000000000000        0xc /home/samee/pebble-dev/PebbleSDK-2.0-BETA4/Pebble/lib/libpebble.a(tmp9Q2g01pebble.o)
 .text.layer_set_hidden
                0x0000000000000000        0xc /home/samee/pebble-dev/PebbleSDK-2.0-BETA4/Pebble/lib/libpebble.a(tmp9Q2g01pebble.o)
 .text.layer_set_update_proc
                0x0000000000000000        0xc /home/samee/pebble-dev/PebbleSDK-2.0-BETA4/Pebble/lib/libpebble.a(tmp9Q2g01pebble.o)
 .text.light_enable
                0x0000000000000000        0xc /home/samee/pebble-dev/PebbleSDK-2.0-BETA4/Pebble/lib/libpebble.a(tmp9Q2g01pebble.o)
 .text.light_enable_interaction
                0x0000000000000000        0xc /home/samee/pebble-dev/PebbleSDK-2.0-BETA4/Pebble/lib/libpebble.a(tmp9Q2g01pebble.o)
 .text.localtime
                0x0000000000000000        0xc /home/samee/pebble-dev/PebbleSDK-2.0-BETA4/Pebble/lib/libpebble.a(tmp9Q2g01pebble.o)
 .text.malloc   0x0000000000000000        0xc /home/samee/pebble-dev/PebbleSDK-2.0-BETA4/Pebble/lib/libpebble.a(tmp9Q2g01pebble.o)
 .text.memcpy   0x0000000000000000        0xc /home/samee/pebble-dev/PebbleSDK-2.0-BETA4/Pebble/lib/libpebble.a(tmp9Q2g01pebble.o)
 .text.memset   0x0000000000000000        0xc /home/samee/pebble-dev/PebbleSDK-2.0-BETA4/Pebble/lib/libpebble.a(tmp9Q2g01pebble.o)
 .text.menu_cell_basic_draw
                0x0000000000000000        0xc /home/samee/pebble-dev/PebbleSDK-2.0-BETA4/Pebble/lib/libpebble.a(tmp9Q2g01pebble.o)
 .text.menu_cell_basic_header_draw
                0x0000000000000000        0xc /home/samee/pebble-dev/PebbleSDK-2.0-BETA4/Pebble/lib/libpebble.a(tmp9Q2g01pebble.o)
 .text.menu_cell_title_draw
                0x0000000000000000        0xc /home/samee/pebble-dev/PebbleSDK-2.0-BETA4/Pebble/lib/libpebble.a(tmp9Q2g01pebble.o)
 .text.menu_index_compare
                0x0000000000000000        0xc /home/samee/pebble-dev/PebbleSDK-2.0-BETA4/Pebble/lib/libpebble.a(tmp9Q2g01pebble.o)
 .text.menu_layer_create
                0x0000000000000000        0xc /home/samee/pebble-dev/PebbleSDK-2.0-BETA4/Pebble/lib/libpebble.a(tmp9Q2g01pebble.o)
 .text.menu_layer_destroy
                0x0000000000000000        0xc /home/samee/pebble-dev/PebbleSDK-2.0-BETA4/Pebble/lib/libpebble.a(tmp9Q2g01pebble.o)
 .text.menu_layer_get_layer
                0x0000000000000000        0xc /home/samee/pebble-dev/PebbleSDK-2.0-BETA4/Pebble/lib/libpebble.a(tmp9Q2g01pebble.o)
 .text.menu_layer_get_scroll_layer
                0x0000000000000000        0xc /home/samee/pebble-dev/PebbleSDK-2.0-BETA4/Pebble/lib/libpebble.a(tmp9Q2g01pebble.o)
 .text.menu_layer_get_selected_index
                0x0000000000000000        0xc /home/samee/pebble-dev/PebbleSDK-2.0-BETA4/Pebble/lib/libpebble.a(tmp9Q2g01pebble.o)
 .text.menu_layer_reload_data
                0x0000000000000000        0xc /home/samee/pebble-dev/PebbleSDK-2.0-BETA4/Pebble/lib/libpebble.a(tmp9Q2g01pebble.o)
 .text.menu_layer_set_callbacks
                0x0000000000000000        0xc /home/samee/pebble-dev/PebbleSDK-2.0-BETA4/Pebble/lib/libpebble.a(tmp9Q2g01pebble.o)
 .text.menu_layer_set_click_config_onto_window
                0x0000000000000000        0xc /home/samee/pebble-dev/PebbleSDK-2.0-BETA4/Pebble/lib/libpebble.a(tmp9Q2g01pebble.o)
 .text.menu_layer_set_selected_index
                0x0000000000000000        0xc /home/samee/pebble-dev/PebbleSDK-2.0-BETA4/Pebble/lib/libpebble.a(tmp9Q2g01pebble.o)
 .text.menu_layer_set_selected_next
                0x0000000000000000        0xc /home/samee/pebble-dev/PebbleSDK-2.0-BETA4/Pebble/lib/libpebble.a(tmp9Q2g01pebble.o)
 .text.number_window_create
                0x0000000000000000        0xc /home/samee/pebble-dev/PebbleSDK-2.0-BETA4/Pebble/lib/libpebble.a(tmp9Q2g01pebble.o)
 .text.number_window_destroy
                0x0000000000000000        0xc /home/samee/pebble-dev/PebbleSDK-2.0-BETA4/Pebble/lib/libpebble.a(tmp9Q2g01pebble.o)
 .text.number_window_get_value
                0x0000000000000000        0xc /home/samee/pebble-dev/PebbleSDK-2.0-BETA4/Pebble/lib/libpebble.a(tmp9Q2g01pebble.o)
 .text.number_window_set_label
                0x0000000000000000        0xc /home/samee/pebble-dev/PebbleSDK-2.0-BETA4/Pebble/lib/libpebble.a(tmp9Q2g01pebble.o)
 .text.number_window_set_max
                0x0000000000000000        0xc /home/samee/pebble-dev/PebbleSDK-2.0-BETA4/Pebble/lib/libpebble.a(tmp9Q2g01pebble.o)
 .text.number_window_set_min
                0x0000000000000000        0xc /home/samee/pebble-dev/PebbleSDK-2.0-BETA4/Pebble/lib/libpebble.a(tmp9Q2g01pebble.o)
 .text.number_window_set_step_size
                0x0000000000000000        0xc /home/samee/pebble-dev/PebbleSDK-2.0-BETA4/Pebble/lib/libpebble.a(tmp9Q2g01pebble.o)
 .text.number_window_set_value
                0x0000000000000000        0xc /home/samee/pebble-dev/PebbleSDK-2.0-BETA4/Pebble/lib/libpebble.a(tmp9Q2g01pebble.o)
 .text.persist_delete
                0x0000000000000000        0xc /home/samee/pebble-dev/PebbleSDK-2.0-BETA4/Pebble/lib/libpebble.a(tmp9Q2g01pebble.o)
 .text.persist_exists
                0x0000000000000000        0xc /home/samee/pebble-dev/PebbleSDK-2.0-BETA4/Pebble/lib/libpebble.a(tmp9Q2g01pebble.o)
 .text.persist_get_size
                0x0000000000000000        0xc /home/samee/pebble-dev/PebbleSDK-2.0-BETA4/Pebble/lib/libpebble.a(tmp9Q2g01pebble.o)
 .text.persist_read_bool
                0x0000000000000000        0xc /home/samee/pebble-dev/PebbleSDK-2.0-BETA4/Pebble/lib/libpebble.a(tmp9Q2g01pebble.o)
 .text.persist_read_data__deprecated
                0x0000000000000000        0xc /home/samee/pebble-dev/PebbleSDK-2.0-BETA4/Pebble/lib/libpebble.a(tmp9Q2g01pebble.o)
 .text.persist_read_int
                0x0000000000000000        0xc /home/samee/pebble-dev/PebbleSDK-2.0-BETA4/Pebble/lib/libpebble.a(tmp9Q2g01pebble.o)
 .text.persist_read_string__deprecated
                0x0000000000000000        0xc /home/samee/pebble-dev/PebbleSDK-2.0-BETA4/Pebble/lib/libpebble.a(tmp9Q2g01pebble.o)
 .text.persist_write_bool
                0x0000000000000000        0xc /home/samee/pebble-dev/PebbleSDK-2.0-BETA4/Pebble/lib/libpebble.a(tmp9Q2g01pebble.o)
 .text.persist_write_data__deprecated
                0x0000000000000000        0xc /home/samee/pebble-dev/PebbleSDK-2.0-BETA4/Pebble/lib/libpebble.a(tmp9Q2g01pebble.o)
 .text.persist_write_int
                0x0000000000000000        0xc /home/samee/pebble-dev/PebbleSDK-2.0-BETA4/Pebble/lib/libpebble.a(tmp9Q2g01pebble.o)
 .text.persist_write_string
                0x0000000000000000        0xc /home/samee/pebble-dev/PebbleSDK-2.0-BETA4/Pebble/lib/libpebble.a(tmp9Q2g01pebble.o)
 .text.property_animation_create
                0x0000000000000000        0xc /home/samee/pebble-dev/PebbleSDK-2.0-BETA4/Pebble/lib/libpebble.a(tmp9Q2g01pebble.o)
 .text.property_animation_create_layer_frame
                0x0000000000000000        0xc /home/samee/pebble-dev/PebbleSDK-2.0-BETA4/Pebble/lib/libpebble.a(tmp9Q2g01pebble.o)
 .text.property_animation_destroy
                0x0000000000000000        0xc /home/samee/pebble-dev/PebbleSDK-2.0-BETA4/Pebble/lib/libpebble.a(tmp9Q2g01pebble.o)
 .text.property_animation_update_gpoint
                0x0000000000000000        0xc /home/samee/pebble-dev/PebbleSDK-2.0-BETA4/Pebble/lib/libpebble.a(tmp9Q2g01pebble.o)
 .text.property_animation_update_grect
                0x0000000000000000        0xc /home/samee/pebble-dev/PebbleSDK-2.0-BETA4/Pebble/lib/libpebble.a(tmp9Q2g01pebble.o)
 .text.property_animation_update_int16
                0x0000000000000000        0xc /home/samee/pebble-dev/PebbleSDK-2.0-BETA4/Pebble/lib/libpebble.a(tmp9Q2g01pebble.o)
 .text.psleep   0x0000000000000000        0xc /home/samee/pebble-dev/PebbleSDK-2.0-BETA4/Pebble/lib/libpebble.a(tmp9Q2g01pebble.o)
 .text.rand     0x0000000000000000        0xc /home/samee/pebble-dev/PebbleSDK-2.0-BETA4/Pebble/lib/libpebble.a(tmp9Q2g01pebble.o)
 .text.resource_load
                0x0000000000000000        0xc /home/samee/pebble-dev/PebbleSDK-2.0-BETA4/Pebble/lib/libpebble.a(tmp9Q2g01pebble.o)
 .text.resource_load_byte_range
                0x0000000000000000        0xc /home/samee/pebble-dev/PebbleSDK-2.0-BETA4/Pebble/lib/libpebble.a(tmp9Q2g01pebble.o)
 .text.resource_size
                0x0000000000000000        0xc /home/samee/pebble-dev/PebbleSDK-2.0-BETA4/Pebble/lib/libpebble.a(tmp9Q2g01pebble.o)
 .text.rot_bitmap_layer_create
                0x0000000000000000        0xc /home/samee/pebble-dev/PebbleSDK-2.0-BETA4/Pebble/lib/libpebble.a(tmp9Q2g01pebble.o)
 .text.rot_bitmap_layer_destroy
                0x0000000000000000        0xc /home/samee/pebble-dev/PebbleSDK-2.0-BETA4/Pebble/lib/libpebble.a(tmp9Q2g01pebble.o)
 .text.rot_bitmap_layer_increment_angle
                0x0000000000000000        0xc /home/samee/pebble-dev/PebbleSDK-2.0-BETA4/Pebble/lib/libpebble.a(tmp9Q2g01pebble.o)
 .text.rot_bitmap_layer_set_angle
                0x0000000000000000        0xc /home/samee/pebble-dev/PebbleSDK-2.0-BETA4/Pebble/lib/libpebble.a(tmp9Q2g01pebble.o)
 .text.rot_bitmap_layer_set_corner_clip_color
                0x0000000000000000        0xc /home/samee/pebble-dev/PebbleSDK-2.0-BETA4/Pebble/lib/libpebble.a(tmp9Q2g01pebble.o)
 .text.rot_bitmap_set_compositing_mode
                0x0000000000000000        0xc /home/samee/pebble-dev/PebbleSDK-2.0-BETA4/Pebble/lib/libpebble.a(tmp9Q2g01pebble.o)
 .text.rot_bitmap_set_src_ic
                0x0000000000000000        0xc /home/samee/pebble-dev/PebbleSDK-2.0-BETA4/Pebble/lib/libpebble.a(tmp9Q2g01pebble.o)
 .text.scroll_layer_add_child
                0x0000000000000000        0xc /home/samee/pebble-dev/PebbleSDK-2.0-BETA4/Pebble/lib/libpebble.a(tmp9Q2g01pebble.o)
 .text.scroll_layer_create
                0x0000000000000000        0xc /home/samee/pebble-dev/PebbleSDK-2.0-BETA4/Pebble/lib/libpebble.a(tmp9Q2g01pebble.o)
 .text.scroll_layer_destroy
                0x0000000000000000        0xc /home/samee/pebble-dev/PebbleSDK-2.0-BETA4/Pebble/lib/libpebble.a(tmp9Q2g01pebble.o)
 .text.scroll_layer_get_content_offset
                0x0000000000000000        0xc /home/samee/pebble-dev/PebbleSDK-2.0-BETA4/Pebble/lib/libpebble.a(tmp9Q2g01pebble.o)
 .text.scroll_layer_get_content_size
                0x0000000000000000        0xc /home/samee/pebble-dev/PebbleSDK-2.0-BETA4/Pebble/lib/libpebble.a(tmp9Q2g01pebble.o)
 .text.scroll_layer_get_layer
                0x0000000000000000        0xc /home/samee/pebble-dev/PebbleSDK-2.0-BETA4/Pebble/lib/libpebble.a(tmp9Q2g01pebble.o)
 .text.scroll_layer_get_shadow_hidden
                0x0000000000000000        0xc /home/samee/pebble-dev/PebbleSDK-2.0-BETA4/Pebble/lib/libpebble.a(tmp9Q2g01pebble.o)
 .text.scroll_layer_scroll_down_click_handler
                0x0000000000000000        0xc /home/samee/pebble-dev/PebbleSDK-2.0-BETA4/Pebble/lib/libpebble.a(tmp9Q2g01pebble.o)
 .text.scroll_layer_scroll_up_click_handler
                0x0000000000000000        0xc /home/samee/pebble-dev/PebbleSDK-2.0-BETA4/Pebble/lib/libpebble.a(tmp9Q2g01pebble.o)
 .text.scroll_layer_set_callbacks
                0x0000000000000000        0xc /home/samee/pebble-dev/PebbleSDK-2.0-BETA4/Pebble/lib/libpebble.a(tmp9Q2g01pebble.o)
 .text.scroll_layer_set_click_config_onto_window
                0x0000000000000000        0xc /home/samee/pebble-dev/PebbleSDK-2.0-BETA4/Pebble/lib/libpebble.a(tmp9Q2g01pebble.o)
 .text.scroll_layer_set_content_offset
                0x0000000000000000        0xc /home/samee/pebble-dev/PebbleSDK-2.0-BETA4/Pebble/lib/libpebble.a(tmp9Q2g01pebble.o)
 .text.scroll_layer_set_content_size
                0x0000000000000000        0xc /home/samee/pebble-dev/PebbleSDK-2.0-BETA4/Pebble/lib/libpebble.a(tmp9Q2g01pebble.o)
 .text.scroll_layer_set_context
                0x0000000000000000        0xc /home/samee/pebble-dev/PebbleSDK-2.0-BETA4/Pebble/lib/libpebble.a(tmp9Q2g01pebble.o)
 .text.scroll_layer_set_frame
                0x0000000000000000        0xc /home/samee/pebble-dev/PebbleSDK-2.0-BETA4/Pebble/lib/libpebble.a(tmp9Q2g01pebble.o)
 .text.scroll_layer_set_shadow_hidden
                0x0000000000000000        0xc /home/samee/pebble-dev/PebbleSDK-2.0-BETA4/Pebble/lib/libpebble.a(tmp9Q2g01pebble.o)
 .text.simple_menu_layer_create
                0x0000000000000000        0xc /home/samee/pebble-dev/PebbleSDK-2.0-BETA4/Pebble/lib/libpebble.a(tmp9Q2g01pebble.o)
 .text.simple_menu_layer_destroy
                0x0000000000000000        0xc /home/samee/pebble-dev/PebbleSDK-2.0-BETA4/Pebble/lib/libpebble.a(tmp9Q2g01pebble.o)
 .text.simple_menu_layer_get_layer
                0x0000000000000000        0xc /home/samee/pebble-dev/PebbleSDK-2.0-BETA4/Pebble/lib/libpebble.a(tmp9Q2g01pebble.o)
 .text.simple_menu_layer_get_selected_index
                0x0000000000000000        0xc /home/samee/pebble-dev/PebbleSDK-2.0-BETA4/Pebble/lib/libpebble.a(tmp9Q2g01pebble.o)
 .text.simple_menu_layer_set_selected_index
                0x0000000000000000        0xc /home/samee/pebble-dev/PebbleSDK-2.0-BETA4/Pebble/lib/libpebble.a(tmp9Q2g01pebble.o)
 .text.sin_lookup
                0x0000000000000000        0xc /home/samee/pebble-dev/PebbleSDK-2.0-BETA4/Pebble/lib/libpebble.a(tmp9Q2g01pebble.o)
 .text.srand    0x0000000000000000        0xc /home/samee/pebble-dev/PebbleSDK-2.0-BETA4/Pebble/lib/libpebble.a(tmp9Q2g01pebble.o)
 .text.strcat   0x0000000000000000        0xc /home/samee/pebble-dev/PebbleSDK-2.0-BETA4/Pebble/lib/libpebble.a(tmp9Q2g01pebble.o)
 .text.strcmp   0x0000000000000000        0xc /home/samee/pebble-dev/PebbleSDK-2.0-BETA4/Pebble/lib/libpebble.a(tmp9Q2g01pebble.o)
 .text.strlen   0x0000000000000000        0xc /home/samee/pebble-dev/PebbleSDK-2.0-BETA4/Pebble/lib/libpebble.a(tmp9Q2g01pebble.o)
 .text.strncat  0x0000000000000000        0xc /home/samee/pebble-dev/PebbleSDK-2.0-BETA4/Pebble/lib/libpebble.a(tmp9Q2g01pebble.o)
 .text.strncmp  0x0000000000000000        0xc /home/samee/pebble-dev/PebbleSDK-2.0-BETA4/Pebble/lib/libpebble.a(tmp9Q2g01pebble.o)
 .text.strncpy  0x0000000000000000        0xc /home/samee/pebble-dev/PebbleSDK-2.0-BETA4/Pebble/lib/libpebble.a(tmp9Q2g01pebble.o)
 .text.text_layer_destroy
                0x0000000000000000        0xc /home/samee/pebble-dev/PebbleSDK-2.0-BETA4/Pebble/lib/libpebble.a(tmp9Q2g01pebble.o)
 .text.text_layer_get_content_size
                0x0000000000000000        0xc /home/samee/pebble-dev/PebbleSDK-2.0-BETA4/Pebble/lib/libpebble.a(tmp9Q2g01pebble.o)
 .text.text_layer_get_text
                0x0000000000000000        0xc /home/samee/pebble-dev/PebbleSDK-2.0-BETA4/Pebble/lib/libpebble.a(tmp9Q2g01pebble.o)
 .text.text_layer_set_overflow_mode
                0x0000000000000000        0xc /home/samee/pebble-dev/PebbleSDK-2.0-BETA4/Pebble/lib/libpebble.a(tmp9Q2g01pebble.o)
 .text.text_layer_set_size
                0x0000000000000000        0xc /home/samee/pebble-dev/PebbleSDK-2.0-BETA4/Pebble/lib/libpebble.a(tmp9Q2g01pebble.o)
 .text.time     0x0000000000000000        0xc /home/samee/pebble-dev/PebbleSDK-2.0-BETA4/Pebble/lib/libpebble.a(tmp9Q2g01pebble.o)
 .text.time_ms  0x0000000000000000        0xc /home/samee/pebble-dev/PebbleSDK-2.0-BETA4/Pebble/lib/libpebble.a(tmp9Q2g01pebble.o)
 .text.vibes_cancel
                0x0000000000000000        0xc /home/samee/pebble-dev/PebbleSDK-2.0-BETA4/Pebble/lib/libpebble.a(tmp9Q2g01pebble.o)
 .text.vibes_enqueue_custom_pattern
                0x0000000000000000        0xc /home/samee/pebble-dev/PebbleSDK-2.0-BETA4/Pebble/lib/libpebble.a(tmp9Q2g01pebble.o)
 .text.vibes_long_pulse
                0x0000000000000000        0xc /home/samee/pebble-dev/PebbleSDK-2.0-BETA4/Pebble/lib/libpebble.a(tmp9Q2g01pebble.o)
 .text.window_destroy
                0x0000000000000000        0xc /home/samee/pebble-dev/PebbleSDK-2.0-BETA4/Pebble/lib/libpebble.a(tmp9Q2g01pebble.o)
 .text.window_get_click_config_provider
                0x0000000000000000        0xc /home/samee/pebble-dev/PebbleSDK-2.0-BETA4/Pebble/lib/libpebble.a(tmp9Q2g01pebble.o)
 .text.window_get_fullscreen
                0x0000000000000000        0xc /home/samee/pebble-dev/PebbleSDK-2.0-BETA4/Pebble/lib/libpebble.a(tmp9Q2g01pebble.o)
 .text.window_is_loaded
                0x0000000000000000        0xc /home/samee/pebble-dev/PebbleSDK-2.0-BETA4/Pebble/lib/libpebble.a(tmp9Q2g01pebble.o)
 .text.window_set_click_config_provider_with_context
                0x0000000000000000        0xc /home/samee/pebble-dev/PebbleSDK-2.0-BETA4/Pebble/lib/libpebble.a(tmp9Q2g01pebble.o)
 .text.window_set_status_bar_icon
                0x0000000000000000        0xc /home/samee/pebble-dev/PebbleSDK-2.0-BETA4/Pebble/lib/libpebble.a(tmp9Q2g01pebble.o)
 .text.window_set_window_handlers
                0x0000000000000000        0xc /home/samee/pebble-dev/PebbleSDK-2.0-BETA4/Pebble/lib/libpebble.a(tmp9Q2g01pebble.o)
 .text.window_stack_contains_window
                0x0000000000000000        0xc /home/samee/pebble-dev/PebbleSDK-2.0-BETA4/Pebble/lib/libpebble.a(tmp9Q2g01pebble.o)
 .text.window_stack_get_top_window
                0x0000000000000000        0xc /home/samee/pebble-dev/PebbleSDK-2.0-BETA4/Pebble/lib/libpebble.a(tmp9Q2g01pebble.o)
 .text.window_stack_pop
                0x0000000000000000        0xc /home/samee/pebble-dev/PebbleSDK-2.0-BETA4/Pebble/lib/libpebble.a(tmp9Q2g01pebble.o)
 .text.window_stack_pop_all
                0x0000000000000000        0xc /home/samee/pebble-dev/PebbleSDK-2.0-BETA4/Pebble/lib/libpebble.a(tmp9Q2g01pebble.o)
 .text.window_stack_remove
                0x0000000000000000        0xc /home/samee/pebble-dev/PebbleSDK-2.0-BETA4/Pebble/lib/libpebble.a(tmp9Q2g01pebble.o)
 .text.app_focus_service_subscribe
                0x0000000000000000        0xc /home/samee/pebble-dev/PebbleSDK-2.0-BETA4/Pebble/lib/libpebble.a(tmp9Q2g01pebble.o)
 .text.app_focus_service_unsubscribe
                0x0000000000000000        0xc /home/samee/pebble-dev/PebbleSDK-2.0-BETA4/Pebble/lib/libpebble.a(tmp9Q2g01pebble.o)
 .text.window_get_user_data
                0x0000000000000000        0xc /home/samee/pebble-dev/PebbleSDK-2.0-BETA4/Pebble/lib/libpebble.a(tmp9Q2g01pebble.o)
 .text.window_set_user_data
                0x0000000000000000        0xc /home/samee/pebble-dev/PebbleSDK-2.0-BETA4/Pebble/lib/libpebble.a(tmp9Q2g01pebble.o)
 .text.app_message_get_context
                0x0000000000000000        0xc /home/samee/pebble-dev/PebbleSDK-2.0-BETA4/Pebble/lib/libpebble.a(tmp9Q2g01pebble.o)
 .text.app_message_inbox_size_maximum
                0x0000000000000000        0xc /home/samee/pebble-dev/PebbleSDK-2.0-BETA4/Pebble/lib/libpebble.a(tmp9Q2g01pebble.o)
 .text.app_message_outbox_begin
                0x0000000000000000        0xc /home/samee/pebble-dev/PebbleSDK-2.0-BETA4/Pebble/lib/libpebble.a(tmp9Q2g01pebble.o)
 .text.app_message_outbox_send
                0x0000000000000000        0xc /home/samee/pebble-dev/PebbleSDK-2.0-BETA4/Pebble/lib/libpebble.a(tmp9Q2g01pebble.o)
 .text.app_message_outbox_size_maximum
                0x0000000000000000        0xc /home/samee/pebble-dev/PebbleSDK-2.0-BETA4/Pebble/lib/libpebble.a(tmp9Q2g01pebble.o)
 .text.app_message_register_inbox_dropped
                0x0000000000000000        0xc /home/samee/pebble-dev/PebbleSDK-2.0-BETA4/Pebble/lib/libpebble.a(tmp9Q2g01pebble.o)
 .text.app_message_register_inbox_received
                0x0000000000000000        0xc /home/samee/pebble-dev/PebbleSDK-2.0-BETA4/Pebble/lib/libpebble.a(tmp9Q2g01pebble.o)
 .text.app_message_register_outbox_failed
                0x0000000000000000        0xc /home/samee/pebble-dev/PebbleSDK-2.0-BETA4/Pebble/lib/libpebble.a(tmp9Q2g01pebble.o)
 .text.app_message_register_outbox_sent
                0x0000000000000000        0xc /home/samee/pebble-dev/PebbleSDK-2.0-BETA4/Pebble/lib/libpebble.a(tmp9Q2g01pebble.o)
 .text.app_message_set_context
                0x0000000000000000        0xc /home/samee/pebble-dev/PebbleSDK-2.0-BETA4/Pebble/lib/libpebble.a(tmp9Q2g01pebble.o)
 .text.window_long_click_subscribe
                0x0000000000000000        0xc /home/samee/pebble-dev/PebbleSDK-2.0-BETA4/Pebble/lib/libpebble.a(tmp9Q2g01pebble.o)
 .text.window_raw_click_subscribe
                0x0000000000000000        0xc /home/samee/pebble-dev/PebbleSDK-2.0-BETA4/Pebble/lib/libpebble.a(tmp9Q2g01pebble.o)
 .text.window_set_click_context
                0x0000000000000000        0xc /home/samee/pebble-dev/PebbleSDK-2.0-BETA4/Pebble/lib/libpebble.a(tmp9Q2g01pebble.o)
 .text.window_single_click_subscribe
                0x0000000000000000        0xc /home/samee/pebble-dev/PebbleSDK-2.0-BETA4/Pebble/lib/libpebble.a(tmp9Q2g01pebble.o)
 .text.window_single_repeating_click_subscribe
                0x0000000000000000        0xc /home/samee/pebble-dev/PebbleSDK-2.0-BETA4/Pebble/lib/libpebble.a(tmp9Q2g01pebble.o)
 .text.graphics_draw_text
                0x0000000000000000        0xc /home/samee/pebble-dev/PebbleSDK-2.0-BETA4/Pebble/lib/libpebble.a(tmp9Q2g01pebble.o)
 .text.dict_serialize_tuplets_to_buffer
                0x0000000000000000        0xc /home/samee/pebble-dev/PebbleSDK-2.0-BETA4/Pebble/lib/libpebble.a(tmp9Q2g01pebble.o)
 .text.persist_read_data
                0x0000000000000000        0xc /home/samee/pebble-dev/PebbleSDK-2.0-BETA4/Pebble/lib/libpebble.a(tmp9Q2g01pebble.o)
 .text.persist_read_string
                0x0000000000000000        0xc /home/samee/pebble-dev/PebbleSDK-2.0-BETA4/Pebble/lib/libpebble.a(tmp9Q2g01pebble.o)
 .text.persist_write_data
                0x0000000000000000        0xc /home/samee/pebble-dev/PebbleSDK-2.0-BETA4/Pebble/lib/libpebble.a(tmp9Q2g01pebble.o)
 .text.dict_size
                0x0000000000000000        0xc /home/samee/pebble-dev/PebbleSDK-2.0-BETA4/Pebble/lib/libpebble.a(tmp9Q2g01pebble.o)
 .text.graphics_text_layout_get_content_size
                0x0000000000000000        0xc /home/samee/pebble-dev/PebbleSDK-2.0-BETA4/Pebble/lib/libpebble.a(tmp9Q2g01pebble.o)
 .text.simple_menu_layer_get_menu_layer
                0x0000000000000000        0xc /home/samee/pebble-dev/PebbleSDK-2.0-BETA4/Pebble/lib/libpebble.a(tmp9Q2g01pebble.o)
 .text.accel_data_service_subscribe
                0x0000000000000000        0xc /home/samee/pebble-dev/PebbleSDK-2.0-BETA4/Pebble/lib/libpebble.a(tmp9Q2g01pebble.o)
 .text.calloc   0x0000000000000000        0xc /home/samee/pebble-dev/PebbleSDK-2.0-BETA4/Pebble/lib/libpebble.a(tmp9Q2g01pebble.o)
 .text          0x0000000000000000        0x0 /home/samee/pebble-dev/PebbleSDK-2.0-BETA4/arm-cs-tools/bin/../lib/gcc/arm-none-eabi/4.7.2/thumb2/crtend.o
 .bss           0x0000000000000000        0x0 /home/samee/pebble-dev/PebbleSDK-2.0-BETA4/arm-cs-tools/bin/../lib/gcc/arm-none-eabi/4.7.2/thumb2/crtend.o
 .eh_frame      0x0000000000000000        0x4 /home/samee/pebble-dev/PebbleSDK-2.0-BETA4/arm-cs-tools/bin/../lib/gcc/arm-none-eabi/4.7.2/thumb2/crtend.o
 .jcr           0x0000000000000000        0x4 /home/samee/pebble-dev/PebbleSDK-2.0-BETA4/arm-cs-tools/bin/../lib/gcc/arm-none-eabi/4.7.2/thumb2/crtend.o
 .tm_clone_table
                0x0000000000000000        0x0 /home/samee/pebble-dev/PebbleSDK-2.0-BETA4/arm-cs-tools/bin/../lib/gcc/arm-none-eabi/4.7.2/thumb2/crtend.o
 .text          0x0000000000000000        0x0 /home/samee/pebble-dev/PebbleSDK-2.0-BETA4/arm-cs-tools/bin/../lib/gcc/arm-none-eabi/4.7.2/thumb2/crtn.o
 .bss           0x0000000000000000        0x0 /home/samee/pebble-dev/PebbleSDK-2.0-BETA4/arm-cs-tools/bin/../lib/gcc/arm-none-eabi/4.7.2/thumb2/crtn.o
 .init          0x0000000000000000        0x8 /home/samee/pebble-dev/PebbleSDK-2.0-BETA4/arm-cs-tools/bin/../lib/gcc/arm-none-eabi/4.7.2/thumb2/crtn.o
 .fini          0x0000000000000000        0x8 /home/samee/pebble-dev/PebbleSDK-2.0-BETA4/arm-cs-tools/bin/../lib/gcc/arm-none-eabi/4.7.2/thumb2/crtn.o

Memory Configuration

Name             Origin             Length             Attributes
APP              0x0000000000000000 0x0000000000006000 xrw
*default*        0x0000000000000000 0xffffffffffffffff

Linker script and memory map

LOAD /home/samee/pebble-dev/PebbleSDK-2.0-BETA4/arm-cs-tools/bin/../lib/gcc/arm-none-eabi/4.7.2/thumb2/crti.o
LOAD /home/samee/pebble-dev/PebbleSDK-2.0-BETA4/arm-cs-tools/bin/../lib/gcc/arm-none-eabi/4.7.2/thumb2/crtbegin.o
LOAD src/date-time.c.13.o
LOAD appinfo.auto.c.13.o
LOAD /home/samee/pebble-dev/PebbleSDK-2.0-BETA4/Pebble/lib/libpebble.a
START GROUP
LOAD /home/samee/pebble-dev/PebbleSDK-2.0-BETA4/arm-cs-tools/bin/../lib/gcc/arm-none-eabi/4.7.2/thumb2/libgcc.a
LOAD /home/samee/pebble-dev/PebbleSDK-2.0-BETA4/arm-cs-tools/bin/../lib/gcc/arm-none-eabi/4.7.2/../../../../arm-none-eabi/lib/thumb2/libc.a
END GROUP
LOAD /home/samee/pebble-dev/PebbleSDK-2.0-BETA4/arm-cs-tools/bin/../lib/gcc/arm-none-eabi/4.7.2/thumb2/crtend.o
LOAD /home/samee/pebble-dev/PebbleSDK-2.0-BETA4/arm-cs-tools/bin/../lib/gcc/arm-none-eabi/4.7.2/thumb2/crtn.o

.header         0x0000000000000000       0x82
 *(.pbl_header)
 .pbl_header    0x0000000000000000       0x82 appinfo.auto.c.13.o
                0x0000000000000000                __pbl_app_info

.text           0x0000000000000084      0x655
 *(.text)
 .text          0x0000000000000084       0x14 /home/samee/pebble-dev/PebbleSDK-2.0-BETA4/Pebble/lib/libpebble.a(tmp9Q2g01pebble.o)
 *(.text.*)
 .text.update_bluetooth
                0x0000000000000098       0x20 src/date-time.c.13.o
                0x0000000000000098                update_bluetooth
 .text.handle_battery
                0x00000000000000b8       0x60 src/date-time.c.13.o
                0x00000000000000b8                handle_battery
 .text.handle_minute_tick
                0x0000000000000118       0xbc src/date-time.c.13.o
                0x0000000000000118                handle_minute_tick
 .text.click_config_provider
                0x00000000000001d4       0x20 src/date-time.c.13.o
                0x00000000000001d4                click_config_provider
 .text.handle_back_click
                0x00000000000001f4       0x12 src/date-time.c.13.o
                0x00000000000001f4                handle_back_click
 *fill*         0x0000000000000206        0x2 
 .text.handle_bluetooth
                0x0000000000000208       0x54 src/date-time.c.13.o
                0x0000000000000208                handle_bluetooth
 .text.handle_deinit
                0x000000000000025c       0x12 src/date-time.c.13.o
                0x000000000000025c                handle_deinit
 *fill*         0x000000000000026e        0x2 
 .text.handle_init
                0x0000000000000270      0x238 src/date-time.c.13.o
                0x0000000000000270                handle_init
 .text.startup.main
                0x00000000000004a8       0x12 src/date-time.c.13.o
                0x00000000000004a8                main
 *fill*         0x00000000000004ba        0x2 
 .text.app_event_loop
                0x00000000000004bc        0xc /home/samee/pebble-dev/PebbleSDK-2.0-BETA4/Pebble/lib/libpebble.a(tmp9Q2g01pebble.o)
                0x00000000000004bc                app_event_loop
 .text.app_message_open
                0x00000000000004c8        0xc /home/samee/pebble-dev/PebbleSDK-2.0-BETA4/Pebble/lib/libpebble.a(tmp9Q2g01pebble.o)
                0x00000000000004c8                app_message_open
 .text.app_timer_register
                0x00000000000004d4        0xc /home/samee/pebble-dev/PebbleSDK-2.0-BETA4/Pebble/lib/libpebble.a(tmp9Q2g01pebble.o)
                0x00000000000004d4                app_timer_register
 .text.battery_state_service_peek
                0x00000000000004e0        0xc /home/samee/pebble-dev/PebbleSDK-2.0-BETA4/Pebble/lib/libpebble.a(tmp9Q2g01pebble.o)
                0x00000000000004e0                battery_state_service_peek
 .text.battery_state_service_subscribe
                0x00000000000004ec        0xc /home/samee/pebble-dev/PebbleSDK-2.0-BETA4/Pebble/lib/libpebble.a(tmp9Q2g01pebble.o)
                0x00000000000004ec                battery_state_service_subscribe
 .text.battery_state_service_unsubscribe
                0x00000000000004f8        0xc /home/samee/pebble-dev/PebbleSDK-2.0-BETA4/Pebble/lib/libpebble.a(tmp9Q2g01pebble.o)
                0x00000000000004f8                battery_state_service_unsubscribe
 .text.bluetooth_connection_service_peek
                0x0000000000000504        0xc /home/samee/pebble-dev/PebbleSDK-2.0-BETA4/Pebble/lib/libpebble.a(tmp9Q2g01pebble.o)
                0x0000000000000504                bluetooth_connection_service_peek
 .text.bluetooth_connection_service_subscribe
                0x0000000000000510        0xc /home/samee/pebble-dev/PebbleSDK-2.0-BETA4/Pebble/lib/libpebble.a(tmp9Q2g01pebble.o)
                0x0000000000000510                bluetooth_connection_service_subscribe
 .text.bluetooth_connection_service_unsubscribe
                0x000000000000051c        0xc /home/samee/pebble-dev/PebbleSDK-2.0-BETA4/Pebble/lib/libpebble.a(tmp9Q2g01pebble.o)
                0x000000000000051c                bluetooth_connection_service_unsubscribe
 .text.clock_is_24h_style
                0x0000000000000528        0xc /home/samee/pebble-dev/PebbleSDK-2.0-BETA4/Pebble/lib/libpebble.a(tmp9Q2g01pebble.o)
                0x0000000000000528                clock_is_24h_style
 .text.fonts_load_custom_font
                0x0000000000000534        0xc /home/samee/pebble-dev/PebbleSDK-2.0-BETA4/Pebble/lib/libpebble.a(tmp9Q2g01pebble.o)
                0x0000000000000534                fonts_load_custom_font
 .text.layer_add_child
                0x0000000000000540        0xc /home/samee/pebble-dev/PebbleSDK-2.0-BETA4/Pebble/lib/libpebble.a(tmp9Q2g01pebble.o)
                0x0000000000000540                layer_add_child
 .text.memmove  0x000000000000054c        0xc /home/samee/pebble-dev/PebbleSDK-2.0-BETA4/Pebble/lib/libpebble.a(tmp9Q2g01pebble.o)
                0x000000000000054c                memmove
 .text.resource_get_handle
                0x0000000000000558        0xc /home/samee/pebble-dev/PebbleSDK-2.0-BETA4/Pebble/lib/libpebble.a(tmp9Q2g01pebble.o)
                0x0000000000000558                resource_get_handle
 .text.snprintf
                0x0000000000000564        0xc /home/samee/pebble-dev/PebbleSDK-2.0-BETA4/Pebble/lib/libpebble.a(tmp9Q2g01pebble.o)
                0x0000000000000564                snprintf
 .text.strcpy   0x0000000000000570        0xc /home/samee/pebble-dev/PebbleSDK-2.0-BETA4/Pebble/lib/libpebble.a(tmp9Q2g01pebble.o)
                0x0000000000000570                strcpy
 .text.strftime
                0x000000000000057c        0xc /home/samee/pebble-dev/PebbleSDK-2.0-BETA4/Pebble/lib/libpebble.a(tmp9Q2g01pebble.o)
                0x000000000000057c                strftime
 .text.text_layer_create
                0x0000000000000588        0xc /home/samee/pebble-dev/PebbleSDK-2.0-BETA4/Pebble/lib/libpebble.a(tmp9Q2g01pebble.o)
                0x0000000000000588                text_layer_create
 .text.text_layer_get_layer
                0x0000000000000594        0xc /home/samee/pebble-dev/PebbleSDK-2.0-BETA4/Pebble/lib/libpebble.a(tmp9Q2g01pebble.o)
                0x0000000000000594                text_layer_get_layer
 .text.text_layer_set_background_color
                0x00000000000005a0        0xc /home/samee/pebble-dev/PebbleSDK-2.0-BETA4/Pebble/lib/libpebble.a(tmp9Q2g01pebble.o)
                0x00000000000005a0                text_layer_set_background_color
 .text.text_layer_set_font
                0x00000000000005ac        0xc /home/samee/pebble-dev/PebbleSDK-2.0-BETA4/Pebble/lib/libpebble.a(tmp9Q2g01pebble.o)
                0x00000000000005ac                text_layer_set_font
 .text.text_layer_set_text
                0x00000000000005b8        0xc /home/samee/pebble-dev/PebbleSDK-2.0-BETA4/Pebble/lib/libpebble.a(tmp9Q2g01pebble.o)
                0x00000000000005b8                text_layer_set_text
 .text.text_layer_set_text_alignment
                0x00000000000005c4        0xc /home/samee/pebble-dev/PebbleSDK-2.0-BETA4/Pebble/lib/libpebble.a(tmp9Q2g01pebble.o)
                0x00000000000005c4                text_layer_set_text_alignment
 .text.text_layer_set_text_color
                0x00000000000005d0        0xc /home/samee/pebble-dev/PebbleSDK-2.0-BETA4/Pebble/lib/libpebble.a(tmp9Q2g01pebble.o)
                0x00000000000005d0                text_layer_set_text_color
 .text.tick_timer_service_subscribe
                0x00000000000005dc        0xc /home/samee/pebble-dev/PebbleSDK-2.0-BETA4/Pebble/lib/libpebble.a(tmp9Q2g01pebble.o)
                0x00000000000005dc                tick_timer_service_subscribe
 .text.tick_timer_service_unsubscribe
                0x00000000000005e8        0xc /home/samee/pebble-dev/PebbleSDK-2.0-BETA4/Pebble/lib/libpebble.a(tmp9Q2g01pebble.o)
                0x00000000000005e8                tick_timer_service_unsubscribe
 .text.vibes_double_pulse
                0x00000000000005f4        0xc /home/samee/pebble-dev/PebbleSDK-2.0-BETA4/Pebble/lib/libpebble.a(tmp9Q2g01pebble.o)
                0x00000000000005f4                vibes_double_pulse
 .text.vibes_short_pulse
                0x0000000000000600        0xc /home/samee/pebble-dev/PebbleSDK-2.0-BETA4/Pebble/lib/libpebble.a(tmp9Q2g01pebble.o)
                0x0000000000000600                vibes_short_pulse
 .text.window_create
                0x000000000000060c        0xc /home/samee/pebble-dev/PebbleSDK-2.0-BETA4/Pebble/lib/libpebble.a(tmp9Q2g01pebble.o)
                0x000000000000060c                window_create
 .text.window_get_root_layer
                0x0000000000000618        0xc /home/samee/pebble-dev/PebbleSDK-2.0-BETA4/Pebble/lib/libpebble.a(tmp9Q2g01pebble.o)
                0x0000000000000618                window_get_root_layer
 .text.window_set_background_color
                0x0000000000000624        0xc /home/samee/pebble-dev/PebbleSDK-2.0-BETA4/Pebble/lib/libpebble.a(tmp9Q2g01pebble.o)
                0x0000000000000624                window_set_background_color
 .text.window_set_click_config_provider
                0x0000000000000630        0xc /home/samee/pebble-dev/PebbleSDK-2.0-BETA4/Pebble/lib/libpebble.a(tmp9Q2g01pebble.o)
                0x0000000000000630                window_set_click_config_provider
 .text.window_set_fullscreen
                0x000000000000063c        0xc /home/samee/pebble-dev/PebbleSDK-2.0-BETA4/Pebble/lib/libpebble.a(tmp9Q2g01pebble.o)
                0x000000000000063c                window_set_fullscreen
 .text.window_stack_push
                0x0000000000000648        0xc /home/samee/pebble-dev/PebbleSDK-2.0-BETA4/Pebble/lib/libpebble.a(tmp9Q2g01pebble.o)
                0x0000000000000648                window_stack_push
 .text.window_multi_click_subscribe
                0x0000000000000654        0xc /home/samee/pebble-dev/PebbleSDK-2.0-BETA4/Pebble/lib/libpebble.a(tmp9Q2g01pebble.o)
                0x0000000000000654                window_multi_click_subscribe
 *(.rodata)
 .rodata        0x0000000000000660       0x28 src/date-time.c.13.o
 *(.rodata*)
 .rodata.str1.1
                0x0000000000000688       0x51 src/date-time.c.13.o
                                         0x52 (size before relaxing)

.glue_7         0x00000000000006dc        0x0
 .glue_7        0x0000000000000000        0x0 linker stubs

.glue_7t        0x00000000000006dc        0x0
 .glue_7t       0x0000000000000000        0x0 linker stubs

.vfp11_veneer   0x00000000000006dc        0x0
 .vfp11_veneer  0x0000000000000000        0x0 linker stubs

.v4_bx          0x00000000000006dc        0x0
 .v4_bx         0x0000000000000000        0x0 linker stubs

.iplt           0x00000000000006dc        0x0
 .iplt          0x0000000000000000        0x0 /home/samee/pebble-dev/PebbleSDK-2.0-BETA4/arm-cs-tools/bin/../lib/gcc/arm-none-eabi/4.7.2/thumb2/crtbegin.o

.rel.dyn        0x00000000000006dc        0x0
 .rel.iplt      0x0000000000000000        0x0 /home/samee/pebble-dev/PebbleSDK-2.0-BETA4/arm-cs-tools/bin/../lib/gcc/arm-none-eabi/4.7.2/thumb2/crtbegin.o
 .rel.got       0x0000000000000000        0x0 /home/samee/pebble-dev/PebbleSDK-2.0-BETA4/arm-cs-tools/bin/../lib/gcc/arm-none-eabi/4.7.2/thumb2/crtbegin.o

.data           0x00000000000006dc       0x28
 *(.data)
 .data          0x00000000000006dc        0x0 /home/samee/pebble-dev/PebbleSDK-2.0-BETA4/arm-cs-tools/bin/../lib/gcc/arm-none-eabi/4.7.2/thumb2/crti.o
 .data          0x00000000000006dc        0x4 /home/samee/pebble-dev/PebbleSDK-2.0-BETA4/arm-cs-tools/bin/../lib/gcc/arm-none-eabi/4.7.2/thumb2/crtbegin.o
                0x00000000000006dc                __dso_handle
 .data          0x00000000000006e0        0x0 src/date-time.c.13.o
 .data          0x00000000000006e0        0x0 appinfo.auto.c.13.o
 .data          0x00000000000006e0        0x0 /home/samee/pebble-dev/PebbleSDK-2.0-BETA4/Pebble/lib/libpebble.a(tmp9Q2g01pebble.o)
 .data          0x00000000000006e0        0x0 /home/samee/pebble-dev/PebbleSDK-2.0-BETA4/arm-cs-tools/bin/../lib/gcc/arm-none-eabi/4.7.2/thumb2/crtend.o
 .data          0x00000000000006e0        0x0 /home/samee/pebble-dev/PebbleSDK-2.0-BETA4/arm-cs-tools/bin/../lib/gcc/arm-none-eabi/4.7.2/thumb2/crtn.o
 *(.data.*)
 .data.time_text.6444
                0x00000000000006e0        0x9 src/date-time.c.13.o
 .data.battery_text.6439
                0x00000000000006e9        0xd src/date-time.c.13.o
 .data.date_text.6445
                0x00000000000006f6        0xe src/date-time.c.13.o

.igot.plt       0x0000000000000704        0x0
 .igot.plt      0x0000000000000000        0x0 /home/samee/pebble-dev/PebbleSDK-2.0-BETA4/arm-cs-tools/bin/../lib/gcc/arm-none-eabi/4.7.2/thumb2/crtbegin.o

.got            0x0000000000000704       0x1c
 .got           0x0000000000000704       0x1c /home/samee/pebble-dev/PebbleSDK-2.0-BETA4/arm-cs-tools/bin/../lib/gcc/arm-none-eabi/4.7.2/thumb2/crtbegin.o

.got.plt        0x0000000000000720        0xc
 .got.plt       0x0000000000000720        0xc /home/samee/pebble-dev/PebbleSDK-2.0-BETA4/arm-cs-tools/bin/../lib/gcc/arm-none-eabi/4.7.2/thumb2/crtbegin.o
                0x0000000000000720                _GLOBAL_OFFSET_TABLE_

.bss            0x000000000000072c       0x20
 *(.bss)
 *(.bss.*)
 COMMON         0x000000000000072c       0x20 src/date-time.c.13.o
                0x000000000000072c                timer
                0x0000000000000730                battery_layer
                0x0000000000000734                connection_layer
                0x0000000000000738                text_time_layer
                0x000000000000073c                bar_layer
                0x0000000000000740                text_date_layer
                0x0000000000000744                window
                0x0000000000000748                line_layer

DISCARD
 libc.a(*)
 libm.a(*)
 libgcc.a(*)
 *(.eh_frame)
OUTPUT(/home/samee/Pebble Apps/date-time-watchface/build/pebble-app.elf elf32-littlearm)

.ARM.attributes
                0x0000000000000000       0x27
 .ARM.attributes
                0x0000000000000000       0x19 /home/samee/pebble-dev/PebbleSDK-2.0-BETA4/arm-cs-tools/bin/../lib/gcc/arm-none-eabi/4.7.2/thumb2/crti.o
 .ARM.attributes
                0x0000000000000019       0x29 /home/samee/pebble-dev/PebbleSDK-2.0-BETA4/arm-cs-tools/bin/../lib/gcc/arm-none-eabi/4.7.2/thumb2/crtbegin.o
 .ARM.attributes
                0x0000000000000042       0x33 src/date-time.c.13.o
 .ARM.attributes
                0x0000000000000075       0x33 appinfo.auto.c.13.o
 .ARM.attributes
                0x00000000000000a8       0x21 /home/samee/pebble-dev/PebbleSDK-2.0-BETA4/Pebble/lib/libpebble.a(tmp9Q2g01pebble.o)
 .ARM.attributes
                0x00000000000000c9       0x29 /home/samee/pebble-dev/PebbleSDK-2.0-BETA4/arm-cs-tools/bin/../lib/gcc/arm-none-eabi/4.7.2/thumb2/crtend.o
 .ARM.attributes
                0x00000000000000f2       0x19 /home/samee/pebble-dev/PebbleSDK-2.0-BETA4/arm-cs-tools/bin/../lib/gcc/arm-none-eabi/4.7.2/thumb2/crtn.o

.comment        0x0000000000000000       0x4e
 .comment       0x0000000000000000       0x4e /home/samee/pebble-dev/PebbleSDK-2.0-BETA4/arm-cs-tools/bin/../lib/gcc/arm-none-eabi/4.7.2/thumb2/crtbegin.o
                                         0x4f (size before relaxing)
 .comment       0x0000000000000000       0x4f src/date-time.c.13.o
 .comment       0x0000000000000000       0x4f appinfo.auto.c.13.o
 .comment       0x0000000000000000       0x4f /home/samee/pebble-dev/PebbleSDK-2.0-BETA4/arm-cs-tools/bin/../lib/gcc/arm-none-eabi/4.7.2/thumb2/crtend.o

.debug_info     0x0000000000000000     0x1472
 .debug_info    0x0000000000000000     0x112c src/date-time.c.13.o
 .debug_info    0x000000000000112c      0x346 appinfo.auto.c.13.o

.debug_abbrev   0x0000000000000000      0x392
 .debug_abbrev  0x0000000000000000      0x2e7 src/date-time.c.13.o
 .debug_abbrev  0x00000000000002e7       0xab appinfo.auto.c.13.o

.debug_loc      0x0000000000000000      0x2a7
 .debug_loc     0x0000000000000000      0x2a7 src/date-time.c.13.o

.debug_aranges  0x0000000000000000       0x80
 .debug_aranges
                0x0000000000000000       0x68 src/date-time.c.13.o
 .debug_aranges
                0x0000000000000068       0x18 appinfo.auto.c.13.o

.debug_ranges   0x0000000000000000       0x58
 .debug_ranges  0x0000000000000000       0x58 src/date-time.c.13.o

.debug_line     0x0000000000000000      0x443
 .debug_line    0x0000000000000000      0x321 src/date-time.c.13.o
 .debug_line    0x0000000000000321      0x122 appinfo.auto.c.13.o

.debug_str      0x0000000000000000      0xc5f
 .debug_str     0x0000000000000000      0xb03 src/date-time.c.13.o
                                        0xb72 (size before relaxing)
 .debug_str     0x0000000000000b03      0x15c appinfo.auto.c.13.o
                                        0x348 (size before relaxing)

.debug_frame    0x0000000000000000      0x128
 .debug_frame   0x0000000000000000      0x128 src/date-time.c.13.o
